  kodak_kodim04 5/3 cap 1000000: 999920 B, PSNR-Y 30.570 (target 30.550)
  kodak_kodim04 5/3 cap 416667: 416628 B, PSNR-Y 28.800 (target 30.550)
  kodak_kodim04 5/3 cap 708333: 708228 B, PSNR-Y 29.910 (target 30.550)
  kodak_kodim04 5/3 cap 854166: 854064 B, PSNR-Y 30.330 (target 30.550)
  kodak_kodim04 5/3 cap 927083: 927024 B, PSNR-Y 30.520 (target 30.550)
  kodak_kodim04 5/3 cap 963541: 963480 B, PSNR-Y 30.540 (target 30.550)
  kodak_kodim04 5/3 cap 981770: 981736 B, PSNR-Y 30.550 (target 30.550)
{'source': 'kodak_kodim04', 'bytes97': 416544, 'psnr_y97': 30.55, 'cap53': 981770, 'bytes53': 981736, 'psnr_y53': 30.55, 'extra_pct': 135.6860259660444, 'reached': True, 'psnr_hvs97': 30.247851, 'psnr_hvs53': 33.058655, 'ssim97': 0.892402, 'ssim53': 0.905546, 'vmaf97': 76.16359, 'vmaf53': 71.35887, 'evaluations': [(1000000, 30.57), (416667, 28.8), (708333, 29.91), (854166, 30.33), (927083, 30.52), (963541, 30.54), (981770, 30.55)]}
  kodak_kodim07 5/3 cap 1000000: 999956 B, PSNR-Y 29.410 (target 29.300)
  kodak_kodim07 5/3 cap 416667: 416616 B, PSNR-Y 27.050 (target 29.300)
  kodak_kodim07 5/3 cap 708333: 708300 B, PSNR-Y 28.710 (target 29.300)
  kodak_kodim07 5/3 cap 854166: 854096 B, PSNR-Y 29.120 (target 29.300)
  kodak_kodim07 5/3 cap 927083: 927052 B, PSNR-Y 29.280 (target 29.300)
  kodak_kodim07 5/3 cap 963541: 963516 B, PSNR-Y 29.320 (target 29.300)
{'source': 'kodak_kodim07', 'bytes97': 416612, 'psnr_y97': 29.3, 'cap53': 963541, 'bytes53': 963516, 'psnr_y53': 29.32, 'extra_pct': 131.2741831728323, 'reached': True, 'psnr_hvs97': 28.363115, 'psnr_hvs53': 32.198452, 'ssim97': 0.905249, 'ssim53': 0.914322, 'vmaf97': 72.100434, 'vmaf53': 71.621299, 'evaluations': [(1000000, 29.41), (416667, 27.05), (708333, 28.71), (854166, 29.12), (927083, 29.28), (963541, 29.32)]}
  kodak_kodim08 5/3 cap 1000000: 999864 B, PSNR-Y 21.940 (target 21.420)
  kodak_kodim08 5/3 cap 416667: 416612 B, PSNR-Y 20.320 (target 21.420)
  kodak_kodim08 5/3 cap 708333: 708312 B, PSNR-Y 21.460 (target 21.420)
  kodak_kodim08 5/3 cap 562500: 562436 B, PSNR-Y 21.070 (target 21.420)
  kodak_kodim08 5/3 cap 635416: 635372 B, PSNR-Y 21.320 (target 21.420)
  kodak_kodim08 5/3 cap 671874: 671860 B, PSNR-Y 21.380 (target 21.420)
  kodak_kodim08 5/3 cap 690103: 690052 B, PSNR-Y 21.400 (target 21.420)
  kodak_kodim08 5/3 cap 699218: 699152 B, PSNR-Y 21.430 (target 21.420)
{'source': 'kodak_kodim08', 'bytes97': 416600, 'psnr_y97': 21.42, 'cap53': 699218, 'bytes53': 699152, 'psnr_y53': 21.43, 'extra_pct': 67.8233317330773, 'reached': True, 'psnr_hvs97': 21.578829, 'psnr_hvs53': 23.317041, 'ssim97': 0.804866, 'ssim53': 0.807328, 'vmaf97': 56.335421, 'vmaf53': 56.712967, 'evaluations': [(1000000, 21.94), (416667, 20.32), (708333, 21.46), (562500, 21.07), (635416, 21.32), (671874, 21.38), (690103, 21.4), (699218, 21.43)]}
  kodak_kodim19 5/3 cap 1000000: 999948 B, PSNR-Y 27.960 (target 26.900)
  kodak_kodim19 5/3 cap 416667: 416648 B, PSNR-Y 25.690 (target 26.900)
  kodak_kodim19 5/3 cap 708333: 708292 B, PSNR-Y 26.370 (target 26.900)
  kodak_kodim19 5/3 cap 854166: 854096 B, PSNR-Y 27.560 (target 26.900)
  kodak_kodim19 5/3 cap 781249: 781220 B, PSNR-Y 27.070 (target 26.900)
  kodak_kodim19 5/3 cap 744791: 744768 B, PSNR-Y 26.950 (target 26.900)
  kodak_kodim19 5/3 cap 726562: 726540 B, PSNR-Y 26.640 (target 26.900)
  kodak_kodim19 5/3 cap 735676: 735544 B, PSNR-Y 26.800 (target 26.900)
  kodak_kodim19 5/3 cap 740233: 740220 B, PSNR-Y 26.910 (target 26.900)
{'source': 'kodak_kodim19', 'bytes97': 416596, 'psnr_y97': 26.9, 'cap53': 740233, 'bytes53': 740220, 'psnr_y53': 26.91, 'extra_pct': 77.68293502578038, 'reached': True, 'psnr_hvs97': 28.542057, 'psnr_hvs53': 29.47443, 'ssim97': 0.891279, 'ssim53': 0.893319, 'vmaf97': 71.758976, 'vmaf53': 69.445808, 'evaluations': [(1000000, 27.96), (416667, 25.69), (708333, 26.37), (854166, 27.56), (781249, 27.07), (744791, 26.95), (726562, 26.64), (735676, 26.8), (740233, 26.91)]}
  synthetic_panel 5/3 cap 1000000: 875880 B, PSNR-Y 92.180 (target 51.750)
  synthetic_panel 5/3 cap 416667: 416616 B, PSNR-Y 49.100 (target 51.750)
  synthetic_panel 5/3 cap 708333: 708328 B, PSNR-Y 64.890 (target 51.750)
  synthetic_panel 5/3 cap 562500: 562452 B, PSNR-Y 58.020 (target 51.750)
  synthetic_panel 5/3 cap 489583: 489536 B, PSNR-Y 52.940 (target 51.750)
  synthetic_panel 5/3 cap 453125: 453084 B, PSNR-Y 51.490 (target 51.750)
  synthetic_panel 5/3 cap 471354: 471308 B, PSNR-Y 52.770 (target 51.750)
  synthetic_panel 5/3 cap 462239: 462184 B, PSNR-Y 52.440 (target 51.750)
  synthetic_panel 5/3 cap 457682: 457672 B, PSNR-Y 51.500 (target 51.750)
  synthetic_panel 5/3 cap 459960: 459856 B, PSNR-Y 51.580 (target 51.750)
  synthetic_panel 5/3 cap 461099: 461072 B, PSNR-Y 52.250 (target 51.750)
  synthetic_panel 5/3 cap 460529: 460516 B, PSNR-Y 52.000 (target 51.750)
  synthetic_panel 5/3 cap 460244: 460204 B, PSNR-Y 51.800 (target 51.750)
  synthetic_panel 5/3 cap 460102: 460092 B, PSNR-Y 51.710 (target 51.750)
{'source': 'synthetic_panel', 'bytes97': 416588, 'psnr_y97': 51.75, 'cap53': 460244, 'bytes53': 460204, 'psnr_y53': 51.8, 'extra_pct': 10.469816701393222, 'reached': True, 'psnr_hvs97': 57.487805, 'psnr_hvs53': 62.723822, 'ssim97': 0.998936, 'ssim53': 0.9997, 'vmaf97': 96.966125, 'vmaf53': 96.905949, 'evaluations': [(1000000, 92.18), (416667, 49.1), (708333, 64.89), (562500, 58.02), (489583, 52.94), (453125, 51.49), (471354, 52.77), (462239, 52.44), (457682, 51.5), (459960, 51.58), (461099, 52.25), (460529, 52.0), (460244, 51.8), (460102, 51.71)]}
done
