input 3328x1472 4:4:4 full range, 416664 byte frame
gpu: Adreno (TM) 740 (API 1.3.295)
features: shaderInt16=1 storageBuffer8Bit=1 subgroupSizeControl=1
pyrowave device created (borrowed VkDevice)
decode path: compute
decode target: plain R8_UNORM
plane[0]: 3328x1472 plain R8, 4898816 bytes
plane[1]: 3328x1472 plain R8, 4898816 bytes
plane[2]: 3328x1472 plain R8, 4898816 bytes
queue type: COMPUTE
wavelet: CDF 9/7, PYROWAVE_PRECISION=1
decode_is_ready(complete) = yes
fused CDF 9/7: 5 stage(s), maxComputeSharedMemorySize 32768, swap_xy 0 swap_bands 0 mirror 1/0
T2 decode      : best 17.222 ms, mean 17.272 ms
T3-T2 convert  : best 1.466 ms, mean 1.466 ms   (the GLES bridge)
submit->idle wall: best 19.111 ms, mean 19.202 ms   (CPU-observed completion of decode+convert)
fused stage 1 (levels 5->4): mean 1.523 ms   (includes dequant)
fused stage 2 (levels 4->3): mean 0.267 ms
fused stage 3 (levels 3->2): mean 0.826 ms
fused stage 4 (levels 2->1): mean 2.983 ms
fused stage 5 (levels 1->0): mean 11.674 ms
over 100 iteration(s)
wrote /dev/null
