  kodak_kodim04 5/3 cap 700000: 700000 B, PSNR-Y 31.560 (target 30.550)
  kodak_kodim04 5/3 cap 416667: 416656 B, PSNR-Y 30.250 (target 30.550)
  kodak_kodim04 5/3 cap 558333: 558256 B, PSNR-Y 30.890 (target 30.550)
  kodak_kodim04 5/3 cap 487500: 487492 B, PSNR-Y 30.520 (target 30.550)
  kodak_kodim04 5/3 cap 522916: 522872 B, PSNR-Y 30.680 (target 30.550)
  kodak_kodim04 5/3 cap 505208: 505120 B, PSNR-Y 30.550 (target 30.550)
{'source': 'kodak_kodim04', 'bytes97': 416544, 'psnr_y97': 30.55, 'cap53': 505208, 'bytes53': 505120, 'psnr_y53': 30.55, 'extra_pct': 21.264500268879157, 'reached': True, 'psnr_hvs97': 30.247851, 'psnr_hvs53': 30.509228, 'ssim97': 0.892402, 'ssim53': 0.901179, 'vmaf97': 76.16359, 'vmaf53': 75.304778, 'evaluations': [(700000, 31.56), (416667, 30.25), (558333, 30.89), (487500, 30.52), (522916, 30.68), (505208, 30.55)]}
  kodak_kodim07 5/3 cap 700000: 699960 B, PSNR-Y 30.600 (target 29.300)
  kodak_kodim07 5/3 cap 416667: 416656 B, PSNR-Y 28.760 (target 29.300)
  kodak_kodim07 5/3 cap 558333: 558232 B, PSNR-Y 29.930 (target 29.300)
  kodak_kodim07 5/3 cap 487500: 487468 B, PSNR-Y 29.400 (target 29.300)
  kodak_kodim07 5/3 cap 452083: 451984 B, PSNR-Y 29.110 (target 29.300)
  kodak_kodim07 5/3 cap 469791: 469720 B, PSNR-Y 29.290 (target 29.300)
  kodak_kodim07 5/3 cap 478645: 478636 B, PSNR-Y 29.350 (target 29.300)
  kodak_kodim07 5/3 cap 474218: 474156 B, PSNR-Y 29.320 (target 29.300)
{'source': 'kodak_kodim07', 'bytes97': 416612, 'psnr_y97': 29.3, 'cap53': 474218, 'bytes53': 474156, 'psnr_y53': 29.32, 'extra_pct': 13.81237218323044, 'reached': True, 'psnr_hvs97': 28.363115, 'psnr_hvs53': 28.49784, 'ssim97': 0.905249, 'ssim53': 0.910756, 'vmaf97': 72.100434, 'vmaf53': 70.945212, 'evaluations': [(700000, 30.6), (416667, 28.76), (558333, 29.93), (487500, 29.4), (452083, 29.11), (469791, 29.29), (478645, 29.35), (474218, 29.32)]}
  kodak_kodim08 5/3 cap 700000: 699924 B, PSNR-Y 22.390 (target 21.420)
  kodak_kodim08 5/3 cap 416667: 416644 B, PSNR-Y 21.140 (target 21.420)
  kodak_kodim08 5/3 cap 558333: 558244 B, PSNR-Y 21.990 (target 21.420)
  kodak_kodim08 5/3 cap 487500: 487476 B, PSNR-Y 21.670 (target 21.420)
  kodak_kodim08 5/3 cap 452083: 451964 B, PSNR-Y 21.370 (target 21.420)
  kodak_kodim08 5/3 cap 469791: 469756 B, PSNR-Y 21.530 (target 21.420)
  kodak_kodim08 5/3 cap 460937: 460912 B, PSNR-Y 21.450 (target 21.420)
  kodak_kodim08 5/3 cap 456510: 456480 B, PSNR-Y 21.410 (target 21.420)
  kodak_kodim08 5/3 cap 458723: 458648 B, PSNR-Y 21.430 (target 21.420)
{'source': 'kodak_kodim08', 'bytes97': 416600, 'psnr_y97': 21.42, 'cap53': 458723, 'bytes53': 458648, 'psnr_y53': 21.43, 'extra_pct': 10.093134901584254, 'reached': True, 'psnr_hvs97': 21.578829, 'psnr_hvs53': 21.583635, 'ssim97': 0.804866, 'ssim53': 0.809647, 'vmaf97': 56.335421, 'vmaf53': 55.28915, 'evaluations': [(700000, 22.39), (416667, 21.14), (558333, 21.99), (487500, 21.67), (452083, 21.37), (469791, 21.53), (460937, 21.45), (456510, 21.41), (458723, 21.43)]}
  kodak_kodim19 5/3 cap 700000: 699872 B, PSNR-Y 27.340 (target 26.900)
  kodak_kodim19 5/3 cap 416667: 416652 B, PSNR-Y 26.570 (target 26.900)
  kodak_kodim19 5/3 cap 558333: 558200 B, PSNR-Y 26.920 (target 26.900)
  kodak_kodim19 5/3 cap 487500: 487420 B, PSNR-Y 26.760 (target 26.900)
  kodak_kodim19 5/3 cap 522916: 522788 B, PSNR-Y 26.850 (target 26.900)
  kodak_kodim19 5/3 cap 540624: 540588 B, PSNR-Y 26.890 (target 26.900)
  kodak_kodim19 5/3 cap 549478: 549444 B, PSNR-Y 26.900 (target 26.900)
{'source': 'kodak_kodim19', 'bytes97': 416596, 'psnr_y97': 26.9, 'cap53': 549478, 'bytes53': 549444, 'psnr_y53': 26.9, 'extra_pct': 31.888928362250233, 'reached': True, 'psnr_hvs97': 28.542057, 'psnr_hvs53': 28.672849, 'ssim97': 0.891279, 'ssim53': 0.899811, 'vmaf97': 71.758976, 'vmaf53': 71.158001, 'evaluations': [(700000, 27.34), (416667, 26.57), (558333, 26.92), (487500, 26.76), (522916, 26.85), (540624, 26.89), (549478, 26.9)]}
  synthetic_panel 5/3 cap 700000: 699944 B, PSNR-Y 63.990 (target 51.750)
  synthetic_panel 5/3 cap 416667: 416636 B, PSNR-Y 49.390 (target 51.750)
  synthetic_panel 5/3 cap 558333: 558216 B, PSNR-Y 55.460 (target 51.750)
  synthetic_panel 5/3 cap 487500: 487476 B, PSNR-Y 52.800 (target 51.750)
  synthetic_panel 5/3 cap 452083: 452032 B, PSNR-Y 50.830 (target 51.750)
  synthetic_panel 5/3 cap 469791: 469664 B, PSNR-Y 51.950 (target 51.750)
  synthetic_panel 5/3 cap 460937: 460924 B, PSNR-Y 50.840 (target 51.750)
  synthetic_panel 5/3 cap 465364: 465364 B, PSNR-Y 50.840 (target 51.750)
  synthetic_panel 5/3 cap 467577: 467460 B, PSNR-Y 51.830 (target 51.750)
  synthetic_panel 5/3 cap 466470: 466388 B, PSNR-Y 51.270 (target 51.750)
  synthetic_panel 5/3 cap 467023: 466972 B, PSNR-Y 51.630 (target 51.750)
  synthetic_panel 5/3 cap 467300: 467292 B, PSNR-Y 51.740 (target 51.750)
  synthetic_panel 5/3 cap 467438: 467292 B, PSNR-Y 51.740 (target 51.750)
  synthetic_panel 5/3 cap 467507: 467460 B, PSNR-Y 51.830 (target 51.750)
{'source': 'synthetic_panel', 'bytes97': 416588, 'psnr_y97': 51.75, 'cap53': 467507, 'bytes53': 467460, 'psnr_y53': 51.83, 'extra_pct': 12.21158554735134, 'reached': True, 'psnr_hvs97': 57.487805, 'psnr_hvs53': 57.959426, 'ssim97': 0.998936, 'ssim53': 0.99929, 'vmaf97': 96.966125, 'vmaf53': 97.001946, 'evaluations': [(700000, 63.99), (416667, 49.39), (558333, 55.46), (487500, 52.8), (452083, 50.83), (469791, 51.95), (460937, 50.84), (465364, 50.84), (467577, 51.83), (466470, 51.27), (467023, 51.63), (467300, 51.74), (467438, 51.74), (467507, 51.83)]}
done
